// Jest Snapshot v1, https://goo.gl/fbAQLP

exports[`SortByDropdown should render LoadingBlogPosts when searchResults is undefined 1`] = `
<React.Fragment>
  <div
    className="jsx-3817679898 sort-by-container"
  >
    <span
      className="jsx-3817679898"
    >
      Sort by
    </span>
    <ConnectorWrapper
      className="container-option"
      defaultRefinement="indexName"
      items={
        Array [
          Object {
            "label": "Sort by date (ascending)",
            "value": "indexName_sort-dateastimestamp-asc",
          },
          Object {
            "label": "Sort by date (descending)",
            "value": "indexName_sort-dateastimestamp-desc",
          },
          Object {
            "label": "Sort by readtime (ascending)",
            "value": "indexName_sort-readtime-asc",
          },
          Object {
            "label": "Sort by readtime (descending)",
            "value": "indexName_sort-readtime-desc",
          },
        ]
      }
    />
  </div>
  <JSXStyle
    dynamic={
      Array [
        "1097px",
        "1.125rem",
        "400",
        "1.125rem",
        "500",
      ]
    }
    id="466742199"
  >
    div.sort-by-container.__jsx-style-dynamic-selector{margin:auto;display:-webkit-box;display:-webkit-flex;display:-ms-flexbox;display:flex;margin-top:20px;-webkit-box-pack:right;-webkit-justify-content:right;-ms-flex-pack:right;justify-content:right;-webkit-align-items:center;-webkit-box-align:center;-ms-flex-align:center;align-items:center;max-width:1097px;padding-right:40px;}div.sort-by-container.__jsx-style-dynamic-selector&gt;span.__jsx-style-dynamic-selector{padding-right:15px;font-size:1.125rem;font-weight:400;}select.ais-SortBy-select{color:#333;font-size:1.125rem;font-weight:500;background-color:#f2f2f2;padding:5px 30px 5px 5px;-webkit-appearance:none;-moz-appearance:none;appearance:none;border:none;}div.ais-SortBy{position:relative;}div.ais-SortBy:after{color:#333;content:'â–¾';right:15px;top:6px;position:absolute;pointer-events:none;}
  </JSXStyle>
</React.Fragment>
`;
