// Jest Snapshot v1, https://goo.gl/fbAQLP

exports[`HeroCard renders empty hero card when blog list is undefined 1`] = `<div />`;

exports[`HeroCard renders full hero card 1`] = `
<section
  className="jsx-238292447"
>
  <a
    aria-label="blog-post-test"
    className="jsx-580416171"
    href="/blog/url-slug/undefined"
  >
    <article
      className="jsx-238292447"
    >
      <div
        className="jsx-238292447 blog-card-image"
      >
        <div
          className="image-mock"
        />
      </div>
      <div
        className="jsx-238292447 blog-card-content"
      >
        <h1
          className="jsx-238292447"
        >
          blog-post-test
        </h1>
        <div
          className="blog-card-meta-mock"
        />
        <p
          className="jsx-238292447"
        >
          blog-post-description
        </p>
      </div>
    </article>
  </a>
</section>
`;
