// Jest Snapshot v1, https://goo.gl/fbAQLP

exports[`Index renders index with content 1`] = `
<div
  className="jsx-690136081 site-container"
>
  <section
    className="jsx-1853008300"
  >
    <header
      className="jsx-1853008300"
    >
      <a
        aria-label=""
        className="jsx-3354872520"
        href="/"
      >
        <img
          alt="Amplience logo"
          className="jsx-3359351483 logo"
          src="/static/images/logo-340w.png"
          srcSet="/static/images/logo-160w.png 1x, /static/images/logo-340w.png 2x"
        />
      </a>
      <h1
        className="jsx-1853008300"
      >
        PRODUCT BLOG
      </h1>
    </header>
  </section>
  <div
    className="jsx-690136081 site-content"
  >
    <main
      className="jsx-690136081"
    >
      <section
        className="jsx-2394770330"
      >
        <h1
          className="jsx-1446146482"
        >
          blog-test-title
        </h1>
        <h2
          className="jsx-1054465095"
        >
          blog-test-sub-title
        </h2>
      </section>
      <section
        className="jsx-1630848865"
      >
        <a
          aria-label="My First Blog Post"
          className="jsx-3354872520"
          href="/blog/my-first-blog"
        >
          <article
            className="jsx-1630848865"
          >
            <div
              className="jsx-1630848865 blog-card-image"
            >
              <span
                className="lazy-img"
                style={
                  Object {
                    "display": "inline-block",
                    "height": 0,
                    "width": 0,
                  }
                }
              />
            </div>
            <div
              className="jsx-1630848865 blog-card-content"
            >
              <h1
                className="jsx-1630848865"
              >
                My First Blog Post
              </h1>
              <div
                className="jsx-105857479 card-meta"
              >
                <div
                  className="jsx-105857479 authors"
                >
                  <span
                    className="jsx-105857479"
                  >
                    by
                  </span>
                  <span
                    className="jsx-105857479 author"
                  >
                    Sir Blog
                  </span>
                </div>
                <div
                  className="jsx-105857479 publish-data"
                >
                  <span
                    className="jsx-105857479 publish-date"
                  >
                    August 07, 2019
                  </span>
                  12 minutes
                </div>
              </div>
              <p
                className="jsx-1630848865"
              >
                Some text for the description that explains this blog post
              </p>
            </div>
          </article>
        </a>
      </section>
      <section
        className="jsx-2919536176"
      >
        <div
          className="jsx-143652140 no-published-blogs"
        >
          <p
            className="jsx-143652140"
          >
            No blogs published yet!
          </p>
        </div>
      </section>
    </main>
  </div>
  <footer
    className="jsx-27833366"
  >
    <section
      className="jsx-27833366"
    >
      <div
        className="jsx-27833366 footer-info"
      >
        <div
          className="jsx-27833366 footer-info-top"
        >
          <img
            alt="Amplience logo"
            className="jsx-3359351483 logo"
            src="/static/images/logo-340w.png"
            srcSet="/static/images/logo-160w.png 1x, /static/images/logo-340w.png 2x"
          />
          <div
            className="jsx-27833366 social-links"
          >
            <a
              className="jsx-3655793200"
              href="//twitter.com/amplience"
              rel="noreferrer"
              target="_new"
            >
              <img
                alt="Twitter logo"
                className="jsx-27833366"
                src="/static/images/social/ic_twitter.svg"
              />
            </a>
            <a
              className="jsx-3655793200"
              href="//www.linkedin.com/company/amplience/"
              rel="noreferrer"
              target="_new"
            >
              <img
                alt="Linkedin logo"
                className="jsx-27833366"
                src="/static/images/social/ic_linkedin.svg"
              />
            </a>
          </div>
        </div>
        <div
          className="jsx-27833366 copyright"
        >
          © Copyright Amplience 
          2019
        </div>
      </div>
      <div
        className="jsx-27833366 footer-links"
      >
        <section
          className="jsx-287747732 footer-links-section"
        >
          <h4
            className="jsx-287747732"
          >
            For Developers
          </h4>
          <ul
            className="jsx-287747732"
          >
            <li>
              <a
                className="jsx-3655793200"
                href="//github.com/amplience/"
                rel="noreferrer"
                target="_new"
              >
                GitHub
              </a>
            </li>
            <li>
              <a
                className="jsx-3655793200"
                href="//stackoverflow.com/questions/tagged/amplience-dynamic-content"
                rel="noreferrer"
                target="_new"
              >
                Stack Overflow
              </a>
            </li>
            <li>
              <a
                className="jsx-3655793200"
                href="//docs.amplience.net/integration/developergettingstarted.html"
                rel="noreferrer"
                target="_new"
              >
                Dynamic Content docs
              </a>
            </li>
            <li>
              <a
                className="jsx-3655793200"
                href="//docs.amplience.net/contenthub.html"
                rel="noreferrer"
                target="_new"
              >
                Content Hub docs
              </a>
            </li>
            <li>
              <a
                className="jsx-3655793200"
                href="//docs.amplience.net/integration/reference.html"
                rel="noreferrer"
                target="_new"
              >
                API reference
              </a>
            </li>
          </ul>
        </section>
        <section
          className="jsx-287747732 footer-links-section"
        >
          <h4
            className="jsx-287747732"
          >
            Company
          </h4>
          <ul
            className="jsx-287747732"
          >
            <li>
              <a
                className="jsx-3655793200"
                href="//amplience.com"
                rel="noreferrer"
                target="_new"
              >
                Website
              </a>
            </li>
            <li>
              <a
                className="jsx-3655793200"
                href="//amplience.com/careers"
                rel="noreferrer"
                target="_new"
              >
                Careers
              </a>
            </li>
            <li>
              <a
                className="jsx-3655793200"
                href="//amplience.com/privacy-cookie-policy"
                rel="noreferrer"
                target="_new"
              >
                Privacy policy
              </a>
            </li>
            <li>
              <a
                className="jsx-3655793200"
                href="//docs.amplience.net/releasenotes/readme.html"
                rel="noreferrer"
                target="_new"
              >
                What\`s new
              </a>
            </li>
          </ul>
        </section>
      </div>
    </section>
  </footer>
  <div
    className="cookieConsent "
    style={
      Object {
        "alignItems": "center",
        "background": "rgba(255, 255, 255, 0.9)",
        "bottom": "0",
        "boxShadow": "20px 20px 20px 10px #000",
        "color": "#333",
        "flexDirection": "column",
        "position": "fixed",
        "textAlign": "center",
        "width": "100%",
        "zIndex": 1,
      }
    }
  >
    <div
      className="cookie-banner-content"
      style={
        Object {
          "padding": "20px 0px 10px",
        }
      }
    >
      We use cookies to give you the best possible experience on our website. By continuing to browse this site, you give consent for cookies to be used. For more details please read our
       
      <a
        href="https://amplience.com/privacy-cookie-policy/"
        target="_blank"
      >
        Cookie Policy
      </a>
      .
    </div>
    <button
      className="cookie-banner-btn"
      id=""
      onClick={[Function]}
      style={
        Object {
          "background": "#fff",
          "border": "3px solid #CCC",
          "borderRadius": "5px",
          "color": "#333",
          "marginBottom": "10px",
        }
      }
    >
      Accept Cookies
    </button>
  </div>
  <script
    async={true}
    src="https://www.google-analytics.com/analytics.js"
  />
  <script
    dangerouslySetInnerHTML={
      Object {
        "__html": "window.ga=window.ga||function(){(ga.q = ga.q || []).push(arguments)};ga.l=+new Date; ga('create', 'undefined', 'auto'); ga('send', 'pageview');",
      }
    }
  />
</div>
`;
