// Jest Snapshot v1, https://goo.gl/fbAQLP

exports[`Logo renders logo 1`] = `
<img
  alt="Amplience logo"
  className="jsx-3359351483 logo"
  src="/static/images/logo-340w.png"
  srcSet="/static/images/logo-160w.png 1x, /static/images/logo-340w.png 2x"
/>
`;
