// Jest Snapshot v1, https://goo.gl/fbAQLP

exports[`Text renders text using the child text string 1`] = `"some text"`;
