// Jest Snapshot v1, https://goo.gl/fbAQLP

exports[`Text should render some text as html 1`] = `
<div
  dangerouslySetInnerHTML={
    Object {
      "__html": "<h1 id=\\"this-is-my-first-bloblog\\">This is my first Bloblog</h1>
<p>This is some sample text.</p>
<h2 id=\\"look-a-header\\">Look-a-header</h2>
<p>This is some more sample text</p>
",
    }
  }
/>
`;
