// Jest Snapshot v1, https://goo.gl/fbAQLP

exports[`ScrollTop should render null 1`] = `null`;
