// Jest Snapshot v1, https://goo.gl/fbAQLP

exports[`MarkdownBlockquote should render as a blockquote 1`] = `
<blockquote
  className="jsx-6158228"
>
  test text
</blockquote>
`;
