// Jest Snapshot v1, https://goo.gl/fbAQLP

exports[`MarkdownInlineCode should render some inline code as a code tag with styles 1`] = `
<code
  className="jsx-3800523359"
>
  import { something } from 'somewhere';
</code>
`;
